// Vitest Snapshot v1, https://vitest.dev/guide/snapshot.html

exports[`rejestr symboli CAD — kontrakt R2 > snapshot prymitywów per symbol × stan (zmiana geometrii = świadoma decyzja rejestru) 1`] = `
{
  "cad.bezpiecznik": {
    "closed": [
      {
        "k": "line",
        "x1": 8,
        "x2": 8,
        "y1": 0,
        "y2": 24,
      },
      {
        "d": "M 5.5 7 h 5 v 10 h -5 Z",
        "fill": "none",
        "k": "path",
      },
    ],
  },
  "cad.generator": {
    "closed": [
      {
        "cx": 8,
        "cy": 9,
        "fill": "none",
        "k": "circle",
        "r": 7.5,
      },
      {
        "k": "letter",
        "size": 7,
        "t": "G",
        "x": 8,
        "y": 7.6,
      },
      {
        "d": "M 5.6 13.2 q 1.2 -2.2 2.4 0 t 2.4 0",
        "k": "arc",
      },
      {
        "k": "line",
        "x1": 8,
        "x2": 8,
        "y1": 16.5,
        "y2": 24,
      },
    ],
  },
  "cad.lacznik": {
    "closed": [
      {
        "k": "line",
        "x1": 8,
        "x2": 8,
        "y1": 0,
        "y2": 7,
      },
      {
        "k": "line",
        "x1": 8,
        "x2": 8,
        "y1": 17,
        "y2": 24,
      },
      {
        "cx": 8,
        "cy": 17,
        "deg": 0,
        "k": "pivot",
        "prims": [
          {
            "k": "line",
            "nozStanu": true,
            "x1": 8,
            "x2": 8,
            "y1": 17,
            "y2": 5.5,
          },
        ],
      },
    ],
    "open": [
      {
        "k": "line",
        "x1": 8,
        "x2": 8,
        "y1": 0,
        "y2": 7,
      },
      {
        "k": "line",
        "x1": 8,
        "x2": 8,
        "y1": 17,
        "y2": 24,
      },
      {
        "cx": 8,
        "cy": 17,
        "deg": -30,
        "k": "pivot",
        "prims": [
          {
            "k": "line",
            "nozStanu": true,
            "x1": 8,
            "x2": 8,
            "y1": 17,
            "y2": 5.5,
          },
        ],
      },
    ],
    "unknown": [
      {
        "k": "line",
        "x1": 8,
        "x2": 8,
        "y1": 0,
        "y2": 7,
      },
      {
        "k": "line",
        "x1": 8,
        "x2": 8,
        "y1": 17,
        "y2": 24,
      },
      {
        "cx": 8,
        "cy": 17,
        "deg": -15,
        "k": "pivot",
        "prims": [
          {
            "k": "line",
            "nozStanu": true,
            "x1": 8,
            "x2": 8,
            "y1": 17,
            "y2": 5.5,
          },
        ],
      },
    ],
  },
  "cad.magazynZPrzeksztaltnikiem": {
    "closed": [
      {
        "k": "line",
        "x1": 8,
        "x2": 8,
        "y1": 0,
        "y2": 4,
      },
      {
        "d": "M 2 4 h 12 v 12 h -12 Z",
        "fill": "none",
        "k": "path",
      },
      {
        "k": "line",
        "x1": 2,
        "x2": 14,
        "y1": 16,
        "y2": 4,
      },
      {
        "k": "letter",
        "size": 3.6,
        "t": "3",
        "x": 4.6,
        "y": 7.3,
      },
      {
        "d": "M 6.199999999999999 7.4 q 1.2 -2.2 2.4 0 t 2.4 0",
        "k": "arc",
      },
      {
        "k": "line",
        "x1": 8.5,
        "x2": 12.5,
        "y1": 12,
        "y2": 12,
      },
      {
        "k": "line",
        "x1": 8.5,
        "x2": 12.5,
        "y1": 14,
        "y2": 14,
      },
      {
        "k": "line",
        "x1": 8,
        "x2": 8,
        "y1": 16,
        "y2": 22,
      },
      {
        "d": "M 1 22 h 14 v 18 h -14 Z",
        "fill": "none",
        "k": "path",
      },
      {
        "k": "line",
        "x1": 8,
        "x2": 8,
        "y1": 22,
        "y2": 29,
      },
      {
        "k": "line",
        "x1": 3.5,
        "x2": 12.5,
        "y1": 29,
        "y2": 29,
      },
      {
        "k": "line",
        "w": 2.2,
        "x1": 5.5,
        "x2": 10.5,
        "y1": 32,
        "y2": 32,
      },
      {
        "k": "line",
        "x1": 8,
        "x2": 8,
        "y1": 32,
        "y2": 36,
      },
    ],
  },
  "cad.odlacznik": {
    "closed": [
      {
        "k": "line",
        "x1": 8,
        "x2": 8,
        "y1": 0,
        "y2": 7,
      },
      {
        "k": "line",
        "x1": 8,
        "x2": 8,
        "y1": 17,
        "y2": 24,
      },
      {
        "cx": 8,
        "cy": 17,
        "deg": 0,
        "k": "pivot",
        "prims": [
          {
            "k": "line",
            "nozStanu": true,
            "x1": 8,
            "x2": 8,
            "y1": 17,
            "y2": 5.5,
          },
        ],
      },
      {
        "k": "line",
        "x1": 5.5,
        "x2": 10.5,
        "y1": 7,
        "y2": 7,
      },
    ],
    "open": [
      {
        "k": "line",
        "x1": 8,
        "x2": 8,
        "y1": 0,
        "y2": 7,
      },
      {
        "k": "line",
        "x1": 8,
        "x2": 8,
        "y1": 17,
        "y2": 24,
      },
      {
        "cx": 8,
        "cy": 17,
        "deg": -30,
        "k": "pivot",
        "prims": [
          {
            "k": "line",
            "nozStanu": true,
            "x1": 8,
            "x2": 8,
            "y1": 17,
            "y2": 5.5,
          },
        ],
      },
      {
        "k": "line",
        "x1": 5.5,
        "x2": 10.5,
        "y1": 7,
        "y2": 7,
      },
    ],
    "unknown": [
      {
        "k": "line",
        "x1": 8,
        "x2": 8,
        "y1": 0,
        "y2": 7,
      },
      {
        "k": "line",
        "x1": 8,
        "x2": 8,
        "y1": 17,
        "y2": 24,
      },
      {
        "cx": 8,
        "cy": 17,
        "deg": -15,
        "k": "pivot",
        "prims": [
          {
            "k": "line",
            "nozStanu": true,
            "x1": 8,
            "x2": 8,
            "y1": 17,
            "y2": 5.5,
          },
        ],
      },
      {
        "k": "line",
        "x1": 5.5,
        "x2": 10.5,
        "y1": 7,
        "y2": 7,
      },
    ],
  },
  "cad.odplywOdbior": {
    "closed": [
      {
        "k": "line",
        "x1": 8,
        "x2": 8,
        "y1": 0,
        "y2": 9,
      },
      {
        "d": "M 4 9 L 12 9 L 8 16 Z",
        "fill": "ink",
        "k": "path",
      },
    ],
  },
  "cad.przekladnikNapieciowy": {
    "closed": [
      {
        "k": "line",
        "x1": 8,
        "x2": 8,
        "y1": 0,
        "y2": 4.5,
      },
      {
        "cx": 8,
        "cy": 9,
        "fill": "none",
        "k": "circle",
        "r": 4.5,
      },
      {
        "cx": 8,
        "cy": 15.5,
        "fill": "none",
        "k": "circle",
        "r": 4.5,
      },
      {
        "k": "line",
        "x1": 8,
        "x2": 8,
        "y1": 20,
        "y2": 23,
      },
    ],
  },
  "cad.przekladnikPradowy": {
    "closed": [
      {
        "k": "line",
        "x1": 8,
        "x2": 8,
        "y1": 0,
        "y2": 5,
      },
      {
        "cx": 8,
        "cy": 12,
        "fill": "paper",
        "k": "circle",
        "r": 7,
      },
      {
        "k": "line",
        "x1": 8,
        "x2": 8,
        "y1": 19,
        "y2": 24,
      },
    ],
  },
  "cad.przeksztaltnik": {
    "closed": [
      {
        "k": "line",
        "x1": 8,
        "x2": 8,
        "y1": 0,
        "y2": 6,
      },
      {
        "d": "M 2 6 h 12 v 12 h -12 Z",
        "fill": "none",
        "k": "path",
      },
      {
        "k": "line",
        "x1": 2,
        "x2": 14,
        "y1": 18,
        "y2": 6,
      },
      {
        "k": "letter",
        "size": 3.6,
        "t": "3",
        "x": 4.6,
        "y": 9.3,
      },
      {
        "d": "M 6.199999999999999 9.4 q 1.2 -2.2 2.4 0 t 2.4 0",
        "k": "arc",
      },
      {
        "k": "line",
        "x1": 8.5,
        "x2": 12.5,
        "y1": 14,
        "y2": 14,
      },
      {
        "k": "line",
        "x1": 8.5,
        "x2": 12.5,
        "y1": 16,
        "y2": 16,
      },
      {
        "k": "line",
        "x1": 8,
        "x2": 8,
        "y1": 18,
        "y2": 24,
      },
    ],
  },
  "cad.rozlacznik": {
    "closed": [
      {
        "k": "line",
        "x1": 8,
        "x2": 8,
        "y1": 0,
        "y2": 7,
      },
      {
        "k": "line",
        "x1": 8,
        "x2": 8,
        "y1": 17,
        "y2": 24,
      },
      {
        "cx": 8,
        "cy": 17,
        "deg": 0,
        "k": "pivot",
        "prims": [
          {
            "k": "line",
            "nozStanu": true,
            "x1": 8,
            "x2": 8,
            "y1": 17,
            "y2": 5.5,
          },
        ],
      },
      {
        "k": "line",
        "x1": 5.5,
        "x2": 10.5,
        "y1": 7,
        "y2": 7,
      },
      {
        "cx": 8,
        "cy": 8.4,
        "fill": "paper",
        "k": "circle",
        "r": 1.4,
      },
    ],
    "open": [
      {
        "k": "line",
        "x1": 8,
        "x2": 8,
        "y1": 0,
        "y2": 7,
      },
      {
        "k": "line",
        "x1": 8,
        "x2": 8,
        "y1": 17,
        "y2": 24,
      },
      {
        "cx": 8,
        "cy": 17,
        "deg": -30,
        "k": "pivot",
        "prims": [
          {
            "k": "line",
            "nozStanu": true,
            "x1": 8,
            "x2": 8,
            "y1": 17,
            "y2": 5.5,
          },
        ],
      },
      {
        "k": "line",
        "x1": 5.5,
        "x2": 10.5,
        "y1": 7,
        "y2": 7,
      },
      {
        "cx": 8,
        "cy": 8.4,
        "fill": "paper",
        "k": "circle",
        "r": 1.4,
      },
    ],
    "unknown": [
      {
        "k": "line",
        "x1": 8,
        "x2": 8,
        "y1": 0,
        "y2": 7,
      },
      {
        "k": "line",
        "x1": 8,
        "x2": 8,
        "y1": 17,
        "y2": 24,
      },
      {
        "cx": 8,
        "cy": 17,
        "deg": -15,
        "k": "pivot",
        "prims": [
          {
            "k": "line",
            "nozStanu": true,
            "x1": 8,
            "x2": 8,
            "y1": 17,
            "y2": 5.5,
          },
        ],
      },
      {
        "k": "line",
        "x1": 5.5,
        "x2": 10.5,
        "y1": 7,
        "y2": 7,
      },
      {
        "cx": 8,
        "cy": 8.4,
        "fill": "paper",
        "k": "circle",
        "r": 1.4,
      },
    ],
  },
  "cad.rozlacznikBezpiecznikowy": {
    "closed": [
      {
        "k": "line",
        "x1": 8,
        "x2": 8,
        "y1": 0,
        "y2": 4,
      },
      {
        "k": "line",
        "x1": 8,
        "x2": 8,
        "y1": 20,
        "y2": 24,
      },
      {
        "cx": 8,
        "cy": 20,
        "deg": 0,
        "k": "pivot",
        "prims": [
          {
            "k": "line",
            "nozStanu": true,
            "x1": 8,
            "x2": 8,
            "y1": 20,
            "y2": 3,
          },
          {
            "d": "M 5.8 18 h 4.4 v -9 h -4.4 Z",
            "fill": "none",
            "k": "path",
          },
        ],
      },
      {
        "k": "line",
        "x1": 5.5,
        "x2": 10.5,
        "y1": 4,
        "y2": 4,
      },
      {
        "cx": 8,
        "cy": 5.4,
        "fill": "paper",
        "k": "circle",
        "r": 1.4,
      },
    ],
    "open": [
      {
        "k": "line",
        "x1": 8,
        "x2": 8,
        "y1": 0,
        "y2": 4,
      },
      {
        "k": "line",
        "x1": 8,
        "x2": 8,
        "y1": 20,
        "y2": 24,
      },
      {
        "cx": 8,
        "cy": 20,
        "deg": -20,
        "k": "pivot",
        "prims": [
          {
            "k": "line",
            "nozStanu": true,
            "x1": 8,
            "x2": 8,
            "y1": 20,
            "y2": 3,
          },
          {
            "d": "M 5.8 18 h 4.4 v -9 h -4.4 Z",
            "fill": "none",
            "k": "path",
          },
        ],
      },
      {
        "k": "line",
        "x1": 5.5,
        "x2": 10.5,
        "y1": 4,
        "y2": 4,
      },
      {
        "cx": 8,
        "cy": 5.4,
        "fill": "paper",
        "k": "circle",
        "r": 1.4,
      },
    ],
    "unknown": [
      {
        "k": "line",
        "x1": 8,
        "x2": 8,
        "y1": 0,
        "y2": 4,
      },
      {
        "k": "line",
        "x1": 8,
        "x2": 8,
        "y1": 20,
        "y2": 24,
      },
      {
        "cx": 8,
        "cy": 20,
        "deg": -10,
        "k": "pivot",
        "prims": [
          {
            "k": "line",
            "nozStanu": true,
            "x1": 8,
            "x2": 8,
            "y1": 20,
            "y2": 3,
          },
          {
            "d": "M 5.8 18 h 4.4 v -9 h -4.4 Z",
            "fill": "none",
            "k": "path",
          },
        ],
      },
      {
        "k": "line",
        "x1": 5.5,
        "x2": 10.5,
        "y1": 4,
        "y2": 4,
      },
      {
        "cx": 8,
        "cy": 5.4,
        "fill": "paper",
        "k": "circle",
        "r": 1.4,
      },
    ],
  },
  "cad.transformator2u": {
    "closed": [
      {
        "k": "line",
        "x1": 8,
        "x2": 8,
        "y1": 0,
        "y2": 2.5,
      },
      {
        "cx": 8,
        "cy": 9,
        "fill": "none",
        "k": "circle",
        "r": 6.5,
      },
      {
        "cx": 8,
        "cy": 19,
        "fill": "none",
        "k": "circle",
        "r": 6.5,
      },
      {
        "k": "line",
        "x1": 8,
        "x2": 8,
        "y1": 25.5,
        "y2": 28,
      },
    ],
  },
  "cad.uziemnik": {
    "closed": [
      {
        "k": "line",
        "x1": 8,
        "x2": 8,
        "y1": 0,
        "y2": 4,
      },
      {
        "k": "line",
        "x1": 5.5,
        "x2": 10.5,
        "y1": 14,
        "y2": 14,
      },
      {
        "k": "line",
        "x1": 8,
        "x2": 8,
        "y1": 14,
        "y2": 17,
      },
      {
        "k": "line",
        "x1": 2,
        "x2": 14,
        "y1": 17,
        "y2": 17,
      },
      {
        "k": "line",
        "x1": 3.5,
        "x2": 12.5,
        "y1": 20,
        "y2": 20,
      },
      {
        "k": "line",
        "x1": 5,
        "x2": 11,
        "y1": 23,
        "y2": 23,
      },
      {
        "cx": 8,
        "cy": 4,
        "deg": 0,
        "k": "pivot",
        "prims": [
          {
            "k": "line",
            "nozStanu": true,
            "x1": 8,
            "x2": 8,
            "y1": 4,
            "y2": 14,
          },
        ],
      },
    ],
    "open": [
      {
        "k": "line",
        "x1": 8,
        "x2": 8,
        "y1": 0,
        "y2": 4,
      },
      {
        "k": "line",
        "x1": 5.5,
        "x2": 10.5,
        "y1": 14,
        "y2": 14,
      },
      {
        "k": "line",
        "x1": 8,
        "x2": 8,
        "y1": 14,
        "y2": 17,
      },
      {
        "k": "line",
        "x1": 2,
        "x2": 14,
        "y1": 17,
        "y2": 17,
      },
      {
        "k": "line",
        "x1": 3.5,
        "x2": 12.5,
        "y1": 20,
        "y2": 20,
      },
      {
        "k": "line",
        "x1": 5,
        "x2": 11,
        "y1": 23,
        "y2": 23,
      },
      {
        "cx": 8,
        "cy": 4,
        "deg": 30,
        "k": "pivot",
        "prims": [
          {
            "k": "line",
            "nozStanu": true,
            "x1": 8,
            "x2": 8,
            "y1": 4,
            "y2": 14,
          },
        ],
      },
    ],
    "unknown": [
      {
        "k": "line",
        "x1": 8,
        "x2": 8,
        "y1": 0,
        "y2": 4,
      },
      {
        "k": "line",
        "x1": 5.5,
        "x2": 10.5,
        "y1": 14,
        "y2": 14,
      },
      {
        "k": "line",
        "x1": 8,
        "x2": 8,
        "y1": 14,
        "y2": 17,
      },
      {
        "k": "line",
        "x1": 2,
        "x2": 14,
        "y1": 17,
        "y2": 17,
      },
      {
        "k": "line",
        "x1": 3.5,
        "x2": 12.5,
        "y1": 20,
        "y2": 20,
      },
      {
        "k": "line",
        "x1": 5,
        "x2": 11,
        "y1": 23,
        "y2": 23,
      },
      {
        "cx": 8,
        "cy": 4,
        "deg": 15,
        "k": "pivot",
        "prims": [
          {
            "k": "line",
            "nozStanu": true,
            "x1": 8,
            "x2": 8,
            "y1": 4,
            "y2": 14,
          },
        ],
      },
    ],
  },
  "cad.wezel": {
    "closed": [
      {
        "cx": 4,
        "cy": 4,
        "fill": "ink",
        "k": "circle",
        "r": 2.2,
      },
    ],
  },
  "cad.wylacznik": {
    "closed": [
      {
        "k": "line",
        "x1": 8,
        "x2": 8,
        "y1": 0,
        "y2": 7,
      },
      {
        "k": "line",
        "x1": 8,
        "x2": 8,
        "y1": 17,
        "y2": 24,
      },
      {
        "cx": 8,
        "cy": 17,
        "deg": 0,
        "k": "pivot",
        "prims": [
          {
            "k": "line",
            "nozStanu": true,
            "x1": 8,
            "x2": 8,
            "y1": 17,
            "y2": 5.5,
          },
        ],
      },
      {
        "k": "line",
        "x1": 6,
        "x2": 10,
        "y1": 5,
        "y2": 9,
      },
      {
        "k": "line",
        "x1": 10,
        "x2": 6,
        "y1": 5,
        "y2": 9,
      },
    ],
    "open": [
      {
        "k": "line",
        "x1": 8,
        "x2": 8,
        "y1": 0,
        "y2": 7,
      },
      {
        "k": "line",
        "x1": 8,
        "x2": 8,
        "y1": 17,
        "y2": 24,
      },
      {
        "cx": 8,
        "cy": 17,
        "deg": -30,
        "k": "pivot",
        "prims": [
          {
            "k": "line",
            "nozStanu": true,
            "x1": 8,
            "x2": 8,
            "y1": 17,
            "y2": 5.5,
          },
        ],
      },
      {
        "k": "line",
        "x1": 6,
        "x2": 10,
        "y1": 5,
        "y2": 9,
      },
      {
        "k": "line",
        "x1": 10,
        "x2": 6,
        "y1": 5,
        "y2": 9,
      },
    ],
    "unknown": [
      {
        "k": "line",
        "x1": 8,
        "x2": 8,
        "y1": 0,
        "y2": 7,
      },
      {
        "k": "line",
        "x1": 8,
        "x2": 8,
        "y1": 17,
        "y2": 24,
      },
      {
        "cx": 8,
        "cy": 17,
        "deg": -15,
        "k": "pivot",
        "prims": [
          {
            "k": "line",
            "nozStanu": true,
            "x1": 8,
            "x2": 8,
            "y1": 17,
            "y2": 5.5,
          },
        ],
      },
      {
        "k": "line",
        "x1": 6,
        "x2": 10,
        "y1": 5,
        "y2": 9,
      },
      {
        "k": "line",
        "x1": 10,
        "x2": 6,
        "y1": 5,
        "y2": 9,
      },
    ],
  },
  "cad.wylacznikInstalacyjny": {
    "closed": [
      {
        "k": "line",
        "x1": 8,
        "x2": 8,
        "y1": 0,
        "y2": 7,
      },
      {
        "k": "line",
        "x1": 8,
        "x2": 8,
        "y1": 17,
        "y2": 24,
      },
      {
        "cx": 8,
        "cy": 17,
        "deg": 0,
        "k": "pivot",
        "prims": [
          {
            "k": "line",
            "nozStanu": true,
            "x1": 8,
            "x2": 8,
            "y1": 17,
            "y2": 5.5,
          },
          {
            "k": "line",
            "x1": 8,
            "x2": 6.5,
            "y1": 11.25,
            "y2": 11.25,
          },
          {
            "d": "M 6.5 11.25 V 9.75 H 5 V 11.25",
            "fill": "none",
            "k": "path",
          },
          {
            "k": "line",
            "x1": 5,
            "x2": 3,
            "y1": 11.25,
            "y2": 11.25,
          },
          {
            "d": "M 3.5999999999999996 10.4 L 2.2 11.25 L 3.5999999999999996 12.1 Z",
            "fill": "ink",
            "k": "path",
          },
        ],
      },
    ],
    "open": [
      {
        "k": "line",
        "x1": 8,
        "x2": 8,
        "y1": 0,
        "y2": 7,
      },
      {
        "k": "line",
        "x1": 8,
        "x2": 8,
        "y1": 17,
        "y2": 24,
      },
      {
        "cx": 8,
        "cy": 17,
        "deg": -30,
        "k": "pivot",
        "prims": [
          {
            "k": "line",
            "nozStanu": true,
            "x1": 8,
            "x2": 8,
            "y1": 17,
            "y2": 5.5,
          },
          {
            "k": "line",
            "x1": 8,
            "x2": 6.5,
            "y1": 11.25,
            "y2": 11.25,
          },
          {
            "d": "M 6.5 11.25 V 9.75 H 5 V 11.25",
            "fill": "none",
            "k": "path",
          },
          {
            "k": "line",
            "x1": 5,
            "x2": 3,
            "y1": 11.25,
            "y2": 11.25,
          },
          {
            "d": "M 3.5999999999999996 10.4 L 2.2 11.25 L 3.5999999999999996 12.1 Z",
            "fill": "ink",
            "k": "path",
          },
        ],
      },
    ],
    "unknown": [
      {
        "k": "line",
        "x1": 8,
        "x2": 8,
        "y1": 0,
        "y2": 7,
      },
      {
        "k": "line",
        "x1": 8,
        "x2": 8,
        "y1": 17,
        "y2": 24,
      },
      {
        "cx": 8,
        "cy": 17,
        "deg": -15,
        "k": "pivot",
        "prims": [
          {
            "k": "line",
            "nozStanu": true,
            "x1": 8,
            "x2": 8,
            "y1": 17,
            "y2": 5.5,
          },
          {
            "k": "line",
            "x1": 8,
            "x2": 6.5,
            "y1": 11.25,
            "y2": 11.25,
          },
          {
            "d": "M 6.5 11.25 V 9.75 H 5 V 11.25",
            "fill": "none",
            "k": "path",
          },
          {
            "k": "line",
            "x1": 5,
            "x2": 3,
            "y1": 11.25,
            "y2": 11.25,
          },
          {
            "d": "M 3.5999999999999996 10.4 L 2.2 11.25 L 3.5999999999999996 12.1 Z",
            "fill": "ink",
            "k": "path",
          },
        ],
      },
    ],
  },
  "cad.zabezpieczenie": {
    "closed": [
      {
        "d": "M 0.5 0.5 h 15 v 11 h -15 Z",
        "fill": "paper",
        "k": "path",
      },
    ],
  },
  "cad.zacisk": {
    "closed": [
      {
        "cx": 4,
        "cy": 4,
        "fill": "paper",
        "k": "circle",
        "r": 2,
      },
    ],
  },
  "cad.zrodloPvZPrzeksztaltnikiem": {
    "closed": [
      {
        "k": "line",
        "x1": 8,
        "x2": 8,
        "y1": 0,
        "y2": 4,
      },
      {
        "d": "M 2 4 h 12 v 12 h -12 Z",
        "fill": "none",
        "k": "path",
      },
      {
        "k": "line",
        "x1": 2,
        "x2": 14,
        "y1": 16,
        "y2": 4,
      },
      {
        "k": "letter",
        "size": 3.6,
        "t": "3",
        "x": 4.6,
        "y": 7.3,
      },
      {
        "d": "M 6.199999999999999 7.4 q 1.2 -2.2 2.4 0 t 2.4 0",
        "k": "arc",
      },
      {
        "k": "line",
        "x1": 8.5,
        "x2": 12.5,
        "y1": 12,
        "y2": 12,
      },
      {
        "k": "line",
        "x1": 8.5,
        "x2": 12.5,
        "y1": 14,
        "y2": 14,
      },
      {
        "k": "line",
        "x1": 8,
        "x2": 8,
        "y1": 16,
        "y2": 22,
      },
      {
        "d": "M 1 22 h 14 v 18 h -14 Z",
        "fill": "none",
        "k": "path",
      },
      {
        "k": "line",
        "x1": 8,
        "x2": 8,
        "y1": 22,
        "y2": 26,
      },
      {
        "d": "M 5.5 26 h 5 v 11 h -5 Z",
        "fill": "none",
        "k": "path",
      },
      {
        "d": "M 5.5 26 L 8 30 L 10.5 26",
        "fill": "none",
        "k": "path",
      },
    ],
  },
}
`;
